Who is the president of United States?
The president of the United States is Donald Trump.
What is the president of the United States's name?
The president of the United States is Donald Trump. His name is Donald Trump.
What is the president of the United States'
Which city is the capital of PRC?
Which city is the capital of the People's Republic of China?
The capital of the People's Republic of China is Beijing.
1+1=? (Posted on 2013-05-29)
What is the sum of 1+1?
The answer is 2.
